// Jest Snapshot v1, https://goo.gl/fbAQLP

exports[`logo tests renders the logo 1`] = `
<div
  className="sc-bdVaJa eARkIM"
/>
`;
