// Jest Snapshot v1, https://goo.gl/fbAQLP

exports[`title tests renders a title page 1`] = `
<div
  className="sc-ifAKCX bNJehV"
  id="title-container"
>
  <span
    className="sc-EHOje ckwPzS"
  >
     ｋａｎａｋａｍａ 
  </span>
  <div
    className="sc-bwzfXH dVfpzR"
  >
    <span
      className="sc-htpNat joCuXP"
    >
      What would you like to practice?
    </span>
    <button
      className="sc-bdVaJa eXCJkO"
      onClick={[Function]}
    >
      Hiragana
    </button>
    <button
      className="sc-bdVaJa eXCJkO"
      onClick={[Function]}
    >
      Katakana
    </button>
    <button
      className="sc-bdVaJa eXCJkO"
      onClick={[Function]}
    >
      Hiragana and Katakana
    </button>
  </div>
</div>
`;
